Copyright 1986-2018 Xilinx, Inc. All Rights Reserved.
-------------------------------------------------------------------------------------------------------------
| Tool Version : Vivado v.2018.1 (lin64) Build 2188600 Wed Apr  4 18:39:19 MDT 2018
| Date         : Sat Sep 29 06:34:24 2018
| Host         : z400 running 64-bit Arch Linux
| Command      : report_utilization -file pcie_7x_0_utilization_synth.rpt -pb pcie_7x_0_utilization_synth.pb
| Design       : pcie_7x_0
| Device       : 7a25tcsg325-1
| Design State : Synthesized
-------------------------------------------------------------------------------------------------------------

Utilization Design Information

Table of Contents
-----------------
1. Slice Logic
1.1 Summary of Registers by Type
2. Memory
3. DSP
4. IO and GT Specific
5. Clocking
6. Specific Feature
7. Primitives
8. Black Boxes
9. Instantiated Netlists

1. Slice Logic
--------------

+----------------------------+------+-------+-----------+-------+
|          Site Type         | Used | Fixed | Available | Util% |
+----------------------------+------+-------+-----------+-------+
| Slice LUTs*                |  577 |     0 |     14600 |  3.95 |
|   LUT as Logic             |  571 |     0 |     14600 |  3.91 |
|   LUT as Memory            |    6 |     0 |      5000 |  0.12 |
|     LUT as Distributed RAM |    0 |     0 |           |       |
|     LUT as Shift Register  |    6 |     0 |           |       |
| Slice Registers            |  936 |     0 |     29200 |  3.21 |
|   Register as Flip Flop    |  936 |     0 |     29200 |  3.21 |
|   Register as Latch        |    0 |     0 |     29200 |  0.00 |
| F7 Muxes                   |    2 |     0 |      7300 |  0.03 |
| F8 Muxes                   |    0 |     0 |      3650 |  0.00 |
+----------------------------+------+-------+-----------+-------+
* Warning! The Final LUT count, after physical optimizations and full implementation, is typically lower. Run opt_design after synthesis, if not already completed, for a more realistic count.


1.1 Summary of Registers by Type
--------------------------------

+-------+--------------+-------------+--------------+
| Total | Clock Enable | Synchronous | Asynchronous |
+-------+--------------+-------------+--------------+
| 0     |            _ |           - |            - |
| 0     |            _ |           - |          Set |
| 0     |            _ |           - |        Reset |
| 0     |            _ |         Set |            - |
| 0     |            _ |       Reset |            - |
| 0     |          Yes |           - |            - |
| 2     |          Yes |           - |          Set |
| 9     |          Yes |           - |        Reset |
| 28    |          Yes |         Set |            - |
| 897   |          Yes |       Reset |            - |
+-------+--------------+-------------+--------------+


2. Memory
---------

+-------------------+------+-------+-----------+-------+
|     Site Type     | Used | Fixed | Available | Util% |
+-------------------+------+-------+-----------+-------+
| Block RAM Tile    |    4 |     0 |        45 |  8.89 |
|   RAMB36/FIFO*    |    4 |     0 |        45 |  8.89 |
|     RAMB36E1 only |    4 |       |           |       |
|   RAMB18          |    0 |     0 |        90 |  0.00 |
+-------------------+------+-------+-----------+-------+
* Note: Each Block RAM Tile only has one FIFO logic available and therefore can accommodate only one FIFO36E1 or one FIFO18E1. However, if a FIFO18E1 occupies a Block RAM Tile, that tile can still accommodate a RAMB18E1


3. DSP
------

+-----------+------+-------+-----------+-------+
| Site Type | Used | Fixed | Available | Util% |
+-----------+------+-------+-----------+-------+
| DSPs      |    0 |     0 |        80 |  0.00 |
+-----------+------+-------+-----------+-------+


4. IO and GT Specific
---------------------

+-----------------------------+------+-------+-----------+-------+
|          Site Type          | Used | Fixed | Available | Util% |
+-----------------------------+------+-------+-----------+-------+
| Bonded IOB                  |    0 |     0 |       150 |  0.00 |
| Bonded IPADs                |    0 |     0 |        14 |  0.00 |
| Bonded OPADs                |    0 |     0 |         8 |  0.00 |
| PHY_CONTROL                 |    0 |     0 |         3 |  0.00 |
| PHASER_REF                  |    0 |     0 |         3 |  0.00 |
| OUT_FIFO                    |    0 |     0 |        12 |  0.00 |
| IN_FIFO                     |    0 |     0 |        12 |  0.00 |
| IDELAYCTRL                  |    0 |     0 |         3 |  0.00 |
| IBUFDS                      |    0 |     0 |       144 |  0.00 |
| GTPE2_CHANNEL               |    1 |     0 |         4 | 25.00 |
| PHASER_OUT/PHASER_OUT_PHY   |    0 |     0 |        12 |  0.00 |
| PHASER_IN/PHASER_IN_PHY     |    0 |     0 |        12 |  0.00 |
| IDELAYE2/IDELAYE2_FINEDELAY |    0 |     0 |       150 |  0.00 |
| IBUFDS_GTE2                 |    0 |     0 |         2 |  0.00 |
| ILOGIC                      |    0 |     0 |       150 |  0.00 |
| OLOGIC                      |    0 |     0 |       150 |  0.00 |
+-----------------------------+------+-------+-----------+-------+


5. Clocking
-----------

+------------+------+-------+-----------+-------+
|  Site Type | Used | Fixed | Available | Util% |
+------------+------+-------+-----------+-------+
| BUFGCTRL   |    1 |     0 |        32 |  3.13 |
| BUFIO      |    0 |     0 |        12 |  0.00 |
| MMCME2_ADV |    0 |     0 |         3 |  0.00 |
| PLLE2_ADV  |    0 |     0 |         3 |  0.00 |
| BUFMRCE    |    0 |     0 |         6 |  0.00 |
| BUFHCE     |    0 |     0 |        48 |  0.00 |
| BUFR       |    0 |     0 |        12 |  0.00 |
+------------+------+-------+-----------+-------+


6. Specific Feature
-------------------

+-------------+------+-------+-----------+--------+
|  Site Type  | Used | Fixed | Available |  Util% |
+-------------+------+-------+-----------+--------+
| BSCANE2     |    0 |     0 |         4 |   0.00 |
| CAPTUREE2   |    0 |     0 |         1 |   0.00 |
| DNA_PORT    |    0 |     0 |         1 |   0.00 |
| EFUSE_USR   |    0 |     0 |         1 |   0.00 |
| FRAME_ECCE2 |    0 |     0 |         1 |   0.00 |
| ICAPE2      |    0 |     0 |         2 |   0.00 |
| PCIE_2_1    |    1 |     0 |         1 | 100.00 |
| STARTUPE2   |    0 |     0 |         1 |   0.00 |
| XADC        |    0 |     0 |         1 |   0.00 |
+-------------+------+-------+-----------+--------+


7. Primitives
-------------

+---------------+------+----------------------+
|    Ref Name   | Used |  Functional Category |
+---------------+------+----------------------+
| FDRE          |  897 |         Flop & Latch |
| LUT3          |  154 |                  LUT |
| LUT5          |  140 |                  LUT |
| LUT6          |  119 |                  LUT |
| LUT2          |   93 |                  LUT |
| LUT4          |   72 |                  LUT |
| LUT1          |   58 |                  LUT |
| FDSE          |   28 |         Flop & Latch |
| FDCE          |    9 |         Flop & Latch |
| CARRY4        |    9 |           CarryLogic |
| SRL16E        |    6 |   Distributed Memory |
| RAMB36E1      |    4 |         Block Memory |
| MUXF7         |    2 |                MuxFx |
| FDPE          |    2 |         Flop & Latch |
| PCIE_2_1      |    1 | Specialized Resource |
| GTPE2_CHANNEL |    1 |                   IO |
| BUFG          |    1 |                Clock |
+---------------+------+----------------------+


8. Black Boxes
--------------

+----------+------+
| Ref Name | Used |
+----------+------+


9. Instantiated Netlists
------------------------

+----------+------+
| Ref Name | Used |
+----------+------+


